[2026-03-15 22:33:26] === FULL RUN START (goal = task = goal) ===
[2026-03-15 22:33:26] === GOAL: Install all ===
[2026-03-15 22:33:48] Install result: OK
[2026-03-15 22:33:48] === GOAL: Build frontend ===
[2026-03-15 22:33:48] 
[2026-03-15 22:33:48] > bridge-ai-frontend@1.0.0 build
[2026-03-15 22:33:48] > node ../tools/state/verify.cjs && vite build
[2026-03-15 22:33:48] 
[2026-03-15 22:33:48] Merkle root: 104e42b349d31fada0e8f18f8965c48ef7c25c944202c596453f96e18db4e530
[2026-03-15 22:33:48] Files: 241
[2026-03-15 22:33:48] Base: E:\BridgeAI\BridgeLiveWall
[2026-03-15 22:33:48] 
[2026-03-15 22:33:48] State delta:
[2026-03-15 22:33:48]   added:   18
[2026-03-15 22:33:48]   removed: 0
[2026-03-15 22:33:48]   changed: 9
[2026-03-15 22:33:48] 
[2026-03-15 22:33:48] Added (showing up to 50):
[2026-03-15 22:33:48]   - backend/app/services/replication.py
[2026-03-15 22:33:48]   - docs/CHANGES-FOR-REVIEW.md
[2026-03-15 22:33:48]   - docs/DEPLOY-CHECKLIST.md
[2026-03-15 22:33:48]   - docs/GLOBAL-TWIN-SWARM-ARCHITECTURE.md
[2026-03-15 22:33:48]   - docs/PLANETARY-SCALE-AGENT-TOPOLOGY.md
[2026-03-15 22:33:48]   - docs/PROMPT-SYSTEM-DIAGRAM.md
[2026-03-15 22:33:48]   - docs/REBASE-BRANCH-COMMIT-CHECKLIST.md
[2026-03-15 22:33:48]   - docs/REPO-STATE-AND-TARGET-ARCHITECTURE.md
[2026-03-15 22:33:48]   - docs/SCAN-CUDA-GGUF-DB-API.md
[2026-03-15 22:33:48]   - docs/SELF-EXPANDING-AI-NETWORK.md
[2026-03-15 22:33:48]   - docs/SWARM-SCALE-UNLIMITED-5-TRICKS.md
[2026-03-15 22:33:48]   - docs/SWARM-SCALING-RISKS-AND-FIXES.md
[2026-03-15 22:33:48]   - docs/SWARM-TOPOLOGY-5-LAYER.md
[2026-03-15 22:33:48]   - docs/diagrams/README.md
[2026-03-15 22:33:48]   - docs/diagrams/digital-ecosystem-evolution.drawio.xml
[2026-03-15 22:33:48]   - docs/diagrams/encoded_diagram.txt
[2026-03-15 22:33:48]   - logs/full-install-build-deploy.log
[2026-03-15 22:33:48]   - scripts/import-drawio-from-encoded.ps1
[2026-03-15 22:33:48] 
[2026-03-15 22:33:48] Changed (showing up to 50):
[2026-03-15 22:33:48]   - STATUS-AND-CAPABILITIES.md
[2026-03-15 22:33:48]   - backend/app/main.py
[2026-03-15 22:33:48]   - backend/app/routes/api.py
[2026-03-15 22:33:48]   - backend/app/runtime.py
[2026-03-15 22:33:48]   - backend/app/services/automation.py
[2026-03-15 22:33:48]   - backend/app/services/emotion.py
[2026-03-15 22:33:48]   - backend/app/services/logging.py
[2026-03-15 22:33:48]   - docs/TWINS-SYNC-AND-WIKI.md
[2026-03-15 22:33:48]   - tests/test_api.py
[2026-03-15 22:33:48] 
[2026-03-15 22:33:48] Changed hashes:
[2026-03-15 22:33:48]   - STATUS-AND-CAPABILITIES.md
[2026-03-15 22:33:48]       prev: 46fe07cf362e5a5c75cef9404facec8cbe92f98d869237af2d28f43cec5fa1af
[2026-03-15 22:33:48]       next: 7505219dee2969c0f847c28f7b77261b01e6ee908ccd0d1540dac8eca9179540
[2026-03-15 22:33:48]   - backend/app/main.py
[2026-03-15 22:33:48]       prev: 4936b216ea9da87654d89ab5642b47f83e5243397aafffdc38eb9c9cd7abfddf
[2026-03-15 22:33:48]       next: 20b4f2943ce964bb6f61808eb5360a44cd7c7775dafdd342a3962935e0db2c76
[2026-03-15 22:33:48]   - backend/app/routes/api.py
[2026-03-15 22:33:48]       prev: 2afccd99ea163e8797f91b3f7318cabe1e1dbffb651e5ceabfe3e7b4c7f35b4b
[2026-03-15 22:33:48]       next: 608dcc71585f3c5767a0af9399c248ee1d623b537601de8645665937cc77c2d2
[2026-03-15 22:33:48]   - backend/app/runtime.py
[2026-03-15 22:33:48]       prev: a0a849612fd918fbcbfda8973ff4b0de362cc8b703e6a52dd70a2d2128e19140
[2026-03-15 22:33:48]       next: d563b67672a39c36894aa40aef4035363a40079e07244abdd39b8def7f481698
[2026-03-15 22:33:48]   - backend/app/services/automation.py
[2026-03-15 22:33:48]       prev: 84e847aefd147cc0a99f5458d8affa45305b04381b8d46f2e69c770168f72cd2
[2026-03-15 22:33:48]       next: 269deaa1f81f0043195a7adec60fbcc69d781ae6be2b67efa949ee3b9e3ee97d
[2026-03-15 22:33:48]   - backend/app/services/emotion.py
[2026-03-15 22:33:48]       prev: c9cae6939708744875e14dd353fa2a4763b94eb1a1598120e62b02128da72160
[2026-03-15 22:33:48]       next: 1559f28b8e5f942483aeb225fc5b9133ec053c6bfe96576b962e0af05d3346a6
[2026-03-15 22:33:48]   - backend/app/services/logging.py
[2026-03-15 22:33:48]       prev: 96c2ff0a1687d0bc33a65836df8bf9d5e24f7c4240630cb8a104f96028fbdd73
[2026-03-15 22:33:49]       next: 80c9f09fc4bf0c580397e6df69530e785d695eaa703a0d1caf8e2810f90884cd
[2026-03-15 22:33:49]   - docs/TWINS-SYNC-AND-WIKI.md
[2026-03-15 22:33:49]       prev: 02648ab067978c4a6a5e5971bb4257bf3508e9833fe1fa9a45c5ccadf1cfff4f
[2026-03-15 22:33:49]       next: b06daf45800768e4f872f6a32026d0b4c20ac0c91c4416ce0423ac8a624932f9
[2026-03-15 22:33:49]   - tests/test_api.py
[2026-03-15 22:33:49]       prev: 4503cf1a83994d66c7b285b3d3033d9db1d7e5282ac7352f75df1b0594e3a996
[2026-03-15 22:33:49]       next: 6143091cbdbd30d78713e32d83614c30a69bd44fbbc9e237872965261cb68d42
[2026-03-15 22:33:49] System.Management.Automation.RemoteException
[2026-03-15 22:33:49] State mutation detected (root mismatch).
[2026-03-15 22:33:49]   prev: d37351aa9854a631069829251569777d28d3bd92b7bf6352abf16f91c641e6c0
[2026-03-15 22:33:49]   next: 104e42b349d31fada0e8f18f8965c48ef7c25c944202c596453f96e18db4e530
[2026-03-15 22:33:49] System.Management.Automation.RemoteException
[2026-03-15 22:33:49] To approve intentionally, rerun with one of:
[2026-03-15 22:33:49]   node tools/state/verify.cjs --approve
[2026-03-15 22:33:49]   BRIDGE_STATE_ALLOW_MUTATION=1 node tools/state/verify.cjs
[2026-03-15 22:33:49]   BRIDGE_STATE_APPROVE_ROOT=104e42b349d31fada0e8f18f8965c48ef7c25c944202c596453f96e18db4e530 node tools/state/verify.cjs
[2026-03-15 22:33:49] System.Management.Automation.RemoteException
[2026-03-15 22:33:49] Build result: FAIL
[2026-03-15 22:33:49] === GOAL: Audit + Apply ===
[2026-03-15 22:33:49] Audit critical count: 0
[2026-03-15 22:33:49] === GOAL: Debug (state verify + pytest) ===
[2026-03-15 22:33:50] Merkle root: 22e0313c88e7c347bc8da18219f7d284ca86ed2db88d01d07f7941689391faae
[2026-03-15 22:33:51] Files: 241
[2026-03-15 22:33:51] Base: E:\BridgeAI\BridgeLiveWall
[2026-03-15 22:33:51] 
[2026-03-15 22:33:51] State delta:
[2026-03-15 22:33:51]   added:   18
[2026-03-15 22:33:51]   removed: 0
[2026-03-15 22:33:51]   changed: 9
[2026-03-15 22:33:51] 
[2026-03-15 22:33:51] Added (showing up to 50):
[2026-03-15 22:33:51]   - backend/app/services/replication.py
[2026-03-15 22:33:51]   - docs/CHANGES-FOR-REVIEW.md
[2026-03-15 22:33:51]   - docs/DEPLOY-CHECKLIST.md
[2026-03-15 22:33:51]   - docs/GLOBAL-TWIN-SWARM-ARCHITECTURE.md
[2026-03-15 22:33:51]   - docs/PLANETARY-SCALE-AGENT-TOPOLOGY.md
[2026-03-15 22:33:51]   - docs/PROMPT-SYSTEM-DIAGRAM.md
[2026-03-15 22:33:51]   - docs/REBASE-BRANCH-COMMIT-CHECKLIST.md
[2026-03-15 22:33:51]   - docs/REPO-STATE-AND-TARGET-ARCHITECTURE.md
[2026-03-15 22:33:52]   - docs/SCAN-CUDA-GGUF-DB-API.md
[2026-03-15 22:33:52]   - docs/SELF-EXPANDING-AI-NETWORK.md
[2026-03-15 22:33:52]   - docs/SWARM-SCALE-UNLIMITED-5-TRICKS.md
[2026-03-15 22:33:52]   - docs/SWARM-SCALING-RISKS-AND-FIXES.md
[2026-03-15 22:33:52]   - docs/SWARM-TOPOLOGY-5-LAYER.md
[2026-03-15 22:33:52]   - docs/diagrams/README.md
[2026-03-15 22:33:52]   - docs/diagrams/digital-ecosystem-evolution.drawio.xml
[2026-03-15 22:33:52]   - docs/diagrams/encoded_diagram.txt
[2026-03-15 22:33:52]   - logs/full-install-build-deploy.log
[2026-03-15 22:33:52]   - scripts/import-drawio-from-encoded.ps1
[2026-03-15 22:33:52] 
[2026-03-15 22:33:52] Changed (showing up to 50):
[2026-03-15 22:33:52]   - STATUS-AND-CAPABILITIES.md
[2026-03-15 22:33:52]   - backend/app/main.py
[2026-03-15 22:33:52]   - backend/app/routes/api.py
[2026-03-15 22:33:53]   - backend/app/runtime.py
[2026-03-15 22:33:53]   - backend/app/services/automation.py
[2026-03-15 22:33:53]   - backend/app/services/emotion.py
[2026-03-15 22:33:53]   - backend/app/services/logging.py
[2026-03-15 22:33:53]   - docs/TWINS-SYNC-AND-WIKI.md
[2026-03-15 22:33:53]   - tests/test_api.py
[2026-03-15 22:33:53] 
[2026-03-15 22:33:54] Changed hashes:
[2026-03-15 22:33:54]   - STATUS-AND-CAPABILITIES.md
[2026-03-15 22:33:54]       prev: 46fe07cf362e5a5c75cef9404facec8cbe92f98d869237af2d28f43cec5fa1af
[2026-03-15 22:33:54]       next: 7505219dee2969c0f847c28f7b77261b01e6ee908ccd0d1540dac8eca9179540
[2026-03-15 22:33:54]   - backend/app/main.py
[2026-03-15 22:33:54]       prev: 4936b216ea9da87654d89ab5642b47f83e5243397aafffdc38eb9c9cd7abfddf
[2026-03-15 22:33:54]       next: 20b4f2943ce964bb6f61808eb5360a44cd7c7775dafdd342a3962935e0db2c76
[2026-03-15 22:33:54]   - backend/app/routes/api.py
[2026-03-15 22:33:54]       prev: 2afccd99ea163e8797f91b3f7318cabe1e1dbffb651e5ceabfe3e7b4c7f35b4b
[2026-03-15 22:33:54]       next: 608dcc71585f3c5767a0af9399c248ee1d623b537601de8645665937cc77c2d2
[2026-03-15 22:33:54]   - backend/app/runtime.py
[2026-03-15 22:33:54]       prev: a0a849612fd918fbcbfda8973ff4b0de362cc8b703e6a52dd70a2d2128e19140
[2026-03-15 22:33:54]       next: d563b67672a39c36894aa40aef4035363a40079e07244abdd39b8def7f481698
[2026-03-15 22:33:55]   - backend/app/services/automation.py
[2026-03-15 22:33:55]       prev: 84e847aefd147cc0a99f5458d8affa45305b04381b8d46f2e69c770168f72cd2
[2026-03-15 22:33:55]       next: 269deaa1f81f0043195a7adec60fbcc69d781ae6be2b67efa949ee3b9e3ee97d
[2026-03-15 22:33:55]   - backend/app/services/emotion.py
[2026-03-15 22:33:55]       prev: c9cae6939708744875e14dd353fa2a4763b94eb1a1598120e62b02128da72160
[2026-03-15 22:33:55]       next: 1559f28b8e5f942483aeb225fc5b9133ec053c6bfe96576b962e0af05d3346a6
[2026-03-15 22:33:55]   - backend/app/services/logging.py
[2026-03-15 22:33:55]       prev: 96c2ff0a1687d0bc33a65836df8bf9d5e24f7c4240630cb8a104f96028fbdd73
[2026-03-15 22:33:55]       next: 80c9f09fc4bf0c580397e6df69530e785d695eaa703a0d1caf8e2810f90884cd
[2026-03-15 22:33:55]   - docs/TWINS-SYNC-AND-WIKI.md
[2026-03-15 22:33:55]       prev: 02648ab067978c4a6a5e5971bb4257bf3508e9833fe1fa9a45c5ccadf1cfff4f
[2026-03-15 22:33:55]       next: b06daf45800768e4f872f6a32026d0b4c20ac0c91c4416ce0423ac8a624932f9
[2026-03-15 22:33:55]   - tests/test_api.py
[2026-03-15 22:33:55]       prev: 4503cf1a83994d66c7b285b3d3033d9db1d7e5282ac7352f75df1b0594e3a996
[2026-03-15 22:33:55]       next: 6143091cbdbd30d78713e32d83614c30a69bd44fbbc9e237872965261cb68d42
[2026-03-15 22:33:55] 
[2026-03-15 22:33:55] State mutation detected (root mismatch).
[2026-03-15 22:33:55]   prev: d37351aa9854a631069829251569777d28d3bd92b7bf6352abf16f91c641e6c0
[2026-03-15 22:33:55]   next: 22e0313c88e7c347bc8da18219f7d284ca86ed2db88d01d07f7941689391faae
[2026-03-15 22:33:55] 
[2026-03-15 22:33:55] To approve intentionally, rerun with one of:
[2026-03-15 22:33:55]   node tools/state/verify.cjs --approve
[2026-03-15 22:33:55]   BRIDGE_STATE_ALLOW_MUTATION=1 node tools/state/verify.cjs
[2026-03-15 22:33:55]   BRIDGE_STATE_APPROVE_ROOT=22e0313c88e7c347bc8da18219f7d284ca86ed2db88d01d07f7941689391faae node tools/state/verify.cjs
[2026-03-15 22:33:55] 
[2026-03-15 22:33:56] ============================= test session starts =============================
[2026-03-15 22:33:56] platform win32 -- Python 3.12.10, pytest-9.0.2, pluggy-1.6.0 -- C:\Users\supas\AppData\Local\Programs\Python\Python312\python.exe
[2026-03-15 22:33:56] cachedir: .pytest_cache
[2026-03-15 22:33:56] rootdir: E:\BridgeAI\BridgeLiveWall
[2026-03-15 22:33:56] plugins: anyio-4.12.1, asyncio-1.3.0, cov-6.0.0, xdist-3.8.0
[2026-03-15 22:33:56] asyncio: mode=Mode.STRICT, debug=False, asyncio_default_fixture_loop_scope=None, asyncio_default_test_loop_scope=function
[2026-03-15 22:33:58] collecting ... collected 31 items
[2026-03-15 22:33:58] 
[2026-03-15 22:33:58] tests/test_api.py::test_root PASSED                                      [  3%]
[2026-03-15 22:33:58] tests/test_api.py::test_health PASSED                                    [  6%]
[2026-03-15 22:33:58] tests/test_api.py::test_mission_board PASSED                             [  9%]
[2026-03-15 22:33:59] tests/test_api.py::test_state_mutation_ok PASSED                         [ 12%]
[2026-03-15 22:33:59] tests/test_api.py::test_state_mutation_reducer_required PASSED           [ 16%]
[2026-03-15 22:33:59] tests/test_api.py::test_state_mutation_unsanctioned_reducer PASSED       [ 19%]
[2026-03-15 22:33:59] tests/test_api.py::test_add_skill PASSED                                 [ 22%]
[2026-03-15 22:33:59] tests/test_api.py::test_add_skill_validation PASSED                      [ 25%]
[2026-03-15 22:33:59] tests/test_api.py::test_emotion_compute PASSED                           [ 29%]
[2026-03-15 22:33:59] tests/test_api.py::test_ubi_claim PASSED                                 [ 32%]
[2026-03-15 22:33:59] tests/test_api.py::test_ubi_claim_no_address PASSED                      [ 35%]
[2026-03-15 22:33:59] tests/test_api.py::test_marketplace_create_and_get PASSED                [ 38%]
[2026-03-15 22:33:59] tests/test_api.py::test_marketplace_accept PASSED                        [ 41%]
[2026-03-15 22:33:59] tests/test_api.py::test_marketplace_accept_missing_fields PASSED         [ 45%]
[2026-03-15 22:33:59] tests/test_api.py::test_tts_text_required PASSED                         [ 48%]
[2026-03-15 22:33:59] tests/test_api.py::test_train_status PASSED                              [ 51%]
[2026-03-15 22:33:59] tests/test_api.py::test_sdg_metrics PASSED                               [ 54%]
[2026-03-15 22:33:59] tests/test_api.py::test_revenue_status PASSED                            [ 58%]
[2026-03-15 22:33:59] tests/test_api.py::test_audit_drift PASSED                               [ 61%]
[2026-03-15 22:33:59] tests/test_api.py::test_twin_evolve_requires_orchestrator PASSED         [ 64%]
[2026-03-15 22:33:59] tests/test_api.py::test_telemetry_includes_evolution_budget PASSED       [ 67%]
[2026-03-15 22:33:59] tests/test_api.py::test_state_snapshot PASSED                            [ 70%]
[2026-03-15 22:33:59] tests/test_api.py::test_health_extended PASSED                           [ 74%]
[2026-03-15 22:33:59] tests/test_api.py::test_root_includes_identity_hash PASSED               [ 77%]
[2026-03-15 22:33:59] tests/test_api.py::test_twin_decide_includes_deterministic_seed PASSED   [ 80%]
[2026-03-15 22:33:59] tests/test_api.py::test_telemetry_includes_degradation_and_drift PASSED  [ 83%]
[2026-03-15 22:33:59] tests/test_api.py::test_replication_status PASSED                        [ 87%]
[2026-03-15 22:33:59] tests/test_api.py::test_replication_nodes PASSED                         [ 90%]
[2026-03-15 22:33:59] tests/test_api.py::test_replication_register PASSED                      [ 93%]
[2026-03-15 22:33:59] tests/test_api.py::test_replication_register_missing_fields PASSED       [ 96%]
[2026-03-15 22:33:59] tests/test_api.py::test_physics_cohesion_capability_off PASSED           [100%]
[2026-03-15 22:33:59] 
[2026-03-15 22:33:59] ============================== warnings summary ===============================
[2026-03-15 22:33:59] C:\Users\supas\AppData\Local\Programs\Python\Python312\Lib\site-packages\starlette\formparsers.py:12
[2026-03-15 22:33:59]   C:\Users\supas\AppData\Local\Programs\Python\Python312\Lib\site-packages\starlette\formparsers.py:12: PendingDeprecationWarning: Please use `import python_multipart` instead.
[2026-03-15 22:33:59]     import multipart
[2026-03-15 22:33:59] 
[2026-03-15 22:33:59] -- Docs: https://docs.pytest.org/en/stable/how-to/capture-warnings.html
[2026-03-15 22:33:59] ======================== 31 passed, 1 warning in 3.01s ========================
[2026-03-15 22:33:59] State verify: FAIL; Pytest: OK
[2026-03-15 22:33:59] === GOAL: Deploy (Worker) ===
[2026-03-15 22:34:29] 
[2026-03-15 22:34:29]  Ôøà´©Å wrangler 3.114.17 (update available 4.73.0)
[2026-03-15 22:34:29] -----------------------------------------------
[2026-03-15 22:34:29] 
[2026-03-15 22:34:29] [33mÔû▓ [43;33m[[43;30mWARNING[43;33m][0m [1mThe version of Wrangler you are using is now out-of-date.[0m
[2026-03-15 22:34:29] System.Management.Automation.RemoteException
[2026-03-15 22:34:29]   Please update to the latest version to prevent critical errors.
[2026-03-15 22:34:29]   Run `npm install --save-dev wrangler@4` to update to the latest version.
[2026-03-15 22:34:29]   After installation, run Wrangler with `npx wrangler`.
[2026-03-15 22:34:29] System.Management.Automation.RemoteException
[2026-03-15 22:34:29] System.Management.Automation.RemoteException
[2026-03-15 22:34:29] Total Upload: 1.25 KiB / gzip: 0.56 KiB
[2026-03-15 22:34:29] Your worker has access to the following bindings:
[2026-03-15 22:34:29] - R2 Buckets:
[2026-03-15 22:34:29]   - BUCKET: bridge-live-wall
[2026-03-15 22:34:29] Uploaded bridge-live-wall-api (9.20 sec)
[2026-03-15 22:34:29] Deployed bridge-live-wall-api triggers (8.22 sec)
[2026-03-15 22:34:29]   api.bridge-ai-os.tech (custom domain)
[2026-03-15 22:34:29] Current Version ID: 79518ed2-e2cc-46e2-8772-7474654a19a3
[2026-03-15 22:34:29] Deploy result: CHECK
[2026-03-15 22:34:29] === FULL RUN END ===
[2026-03-15 22:34:29] Result: SOME FAIL | Install=True Build=False Audit=True State=False Tests=True Deploy=False
[2026-03-15 22:34:29] Log: E:\BridgeAI\BridgeLiveWall\logs\full-install-build-deploy.log | Goals: E:\BridgeAI\BridgeLiveWall\data\goals-tasks.json
[2026-03-15 22:35:27] === FULL RUN START (goal = task = goal) ===
[2026-03-15 22:35:27] === GOAL: Install all ===
[2026-03-15 22:35:32] Install result: OK
[2026-03-15 22:35:32] === GOAL: Build frontend ===
[2026-03-15 22:35:32] 
[2026-03-15 22:35:32] > bridge-ai-frontend@1.0.0 build
[2026-03-15 22:35:32] > node ../tools/state/verify.cjs && vite build
[2026-03-15 22:35:32] 
[2026-03-15 22:35:32] Merkle root: b9b857bef6086f7226897cf4fcc813fe8d241f023692b336137aa207cb351fef
[2026-03-15 22:35:32] Files: 241
[2026-03-15 22:35:32] Base: E:\BridgeAI\BridgeLiveWall
[2026-03-15 22:35:32] 
[2026-03-15 22:35:32] State delta:
[2026-03-15 22:35:32]   added:   0
[2026-03-15 22:35:32]   removed: 0
[2026-03-15 22:35:32]   changed: 1
[2026-03-15 22:35:32] 
[2026-03-15 22:35:32] Changed (showing up to 50):
[2026-03-15 22:35:32]   - logs/full-install-build-deploy.log
[2026-03-15 22:35:32] 
[2026-03-15 22:35:32] Changed hashes:
[2026-03-15 22:35:32]   - logs/full-install-build-deploy.log
[2026-03-15 22:35:32]       prev: 71e02dcd645bd75db1f0e57ebfd7ad38b68f5a454dd0d8c20cc66a922bb947cd
[2026-03-15 22:35:32]       next: af550a7c8decf2c228402caf9658fc2e65f42f291e69898a7d59347e264a9e1f
[2026-03-15 22:35:32] System.Management.Automation.RemoteException
[2026-03-15 22:35:32] State mutation detected (root mismatch).
[2026-03-15 22:35:32]   prev: 039876521b8dabea592c76fd4a6fded5264f36b16939b877b621d70981e7da98
[2026-03-15 22:35:32]   next: b9b857bef6086f7226897cf4fcc813fe8d241f023692b336137aa207cb351fef
[2026-03-15 22:35:32] System.Management.Automation.RemoteException
[2026-03-15 22:35:32] To approve intentionally, rerun with one of:
[2026-03-15 22:35:32]   node tools/state/verify.cjs --approve
[2026-03-15 22:35:32]   BRIDGE_STATE_ALLOW_MUTATION=1 node tools/state/verify.cjs
[2026-03-15 22:35:32]   BRIDGE_STATE_APPROVE_ROOT=b9b857bef6086f7226897cf4fcc813fe8d241f023692b336137aa207cb351fef node tools/state/verify.cjs
[2026-03-15 22:35:32] System.Management.Automation.RemoteException
[2026-03-15 22:35:32] Build result: FAIL
[2026-03-15 22:35:32] === GOAL: Audit + Apply ===
[2026-03-15 22:35:33] Audit critical count: 0
[2026-03-15 22:35:33] === GOAL: Debug (state verify + pytest) ===
[2026-03-15 22:35:34] Merkle root: 6a0ffec1132357178bb0a5c3a3417f0fedb19677f2f1fdd8b13160c7c785f228
[2026-03-15 22:35:34] Files: 241
[2026-03-15 22:35:34] Base: E:\BridgeAI\BridgeLiveWall
[2026-03-15 22:35:34] 
[2026-03-15 22:35:34] State delta:
[2026-03-15 22:35:34]   added:   0
[2026-03-15 22:35:34]   removed: 0
[2026-03-15 22:35:34]   changed: 1
[2026-03-15 22:35:34] 
[2026-03-15 22:35:34] Changed (showing up to 50):
[2026-03-15 22:35:34]   - logs/full-install-build-deploy.log
[2026-03-15 22:35:34] 
[2026-03-15 22:35:34] Changed hashes:
[2026-03-15 22:35:34]   - logs/full-install-build-deploy.log
[2026-03-15 22:35:34]       prev: 71e02dcd645bd75db1f0e57ebfd7ad38b68f5a454dd0d8c20cc66a922bb947cd
[2026-03-15 22:35:34]       next: 01c0b0298d314ad0848c7068690bb46e3aa3720a3603d5f771179efd1ace0c27
[2026-03-15 22:35:34] 
[2026-03-15 22:35:34] State mutation detected (root mismatch).
[2026-03-15 22:35:34]   prev: 039876521b8dabea592c76fd4a6fded5264f36b16939b877b621d70981e7da98
[2026-03-15 22:35:34]   next: 6a0ffec1132357178bb0a5c3a3417f0fedb19677f2f1fdd8b13160c7c785f228
[2026-03-15 22:35:34] 
[2026-03-15 22:35:34] To approve intentionally, rerun with one of:
[2026-03-15 22:35:34]   node tools/state/verify.cjs --approve
[2026-03-15 22:35:34]   BRIDGE_STATE_ALLOW_MUTATION=1 node tools/state/verify.cjs
[2026-03-15 22:35:34]   BRIDGE_STATE_APPROVE_ROOT=6a0ffec1132357178bb0a5c3a3417f0fedb19677f2f1fdd8b13160c7c785f228 node tools/state/verify.cjs
[2026-03-15 22:35:34] 
[2026-03-15 22:35:34] ============================= test session starts =============================
[2026-03-15 22:35:34] platform win32 -- Python 3.12.10, pytest-9.0.2, pluggy-1.6.0 -- C:\Users\supas\AppData\Local\Programs\Python\Python312\python.exe
[2026-03-15 22:35:34] cachedir: .pytest_cache
[2026-03-15 22:35:34] rootdir: E:\BridgeAI\BridgeLiveWall
[2026-03-15 22:35:34] plugins: anyio-4.12.1, asyncio-1.3.0, cov-6.0.0, xdist-3.8.0
[2026-03-15 22:35:34] asyncio: mode=Mode.STRICT, debug=False, asyncio_default_fixture_loop_scope=None, asyncio_default_test_loop_scope=function
[2026-03-15 22:35:37] collecting ... collected 31 items
[2026-03-15 22:35:37] 
[2026-03-15 22:35:37] tests/test_api.py::test_root PASSED                                      [  3%]
[2026-03-15 22:35:37] tests/test_api.py::test_health PASSED                                    [  6%]
[2026-03-15 22:35:37] tests/test_api.py::test_mission_board PASSED                             [  9%]
[2026-03-15 22:35:37] tests/test_api.py::test_state_mutation_ok PASSED                         [ 12%]
[2026-03-15 22:35:37] tests/test_api.py::test_state_mutation_reducer_required PASSED           [ 16%]
[2026-03-15 22:35:37] tests/test_api.py::test_state_mutation_unsanctioned_reducer PASSED       [ 19%]
[2026-03-15 22:35:37] tests/test_api.py::test_add_skill PASSED                                 [ 22%]
[2026-03-15 22:35:37] tests/test_api.py::test_add_skill_validation PASSED                      [ 25%]
[2026-03-15 22:35:37] tests/test_api.py::test_emotion_compute PASSED                           [ 29%]
[2026-03-15 22:35:37] tests/test_api.py::test_ubi_claim PASSED                                 [ 32%]
[2026-03-15 22:35:37] tests/test_api.py::test_ubi_claim_no_address PASSED                      [ 35%]
[2026-03-15 22:35:37] tests/test_api.py::test_marketplace_create_and_get PASSED                [ 38%]
[2026-03-15 22:35:37] tests/test_api.py::test_marketplace_accept PASSED                        [ 41%]
[2026-03-15 22:35:37] tests/test_api.py::test_marketplace_accept_missing_fields PASSED         [ 45%]
[2026-03-15 22:35:37] tests/test_api.py::test_tts_text_required PASSED                         [ 48%]
[2026-03-15 22:35:37] tests/test_api.py::test_train_status PASSED                              [ 51%]
[2026-03-15 22:35:37] tests/test_api.py::test_sdg_metrics PASSED                               [ 54%]
[2026-03-15 22:35:37] tests/test_api.py::test_revenue_status PASSED                            [ 58%]
[2026-03-15 22:35:37] tests/test_api.py::test_audit_drift PASSED                               [ 61%]
[2026-03-15 22:35:37] tests/test_api.py::test_twin_evolve_requires_orchestrator PASSED         [ 64%]
[2026-03-15 22:35:37] tests/test_api.py::test_telemetry_includes_evolution_budget PASSED       [ 67%]
[2026-03-15 22:35:37] tests/test_api.py::test_state_snapshot PASSED                            [ 70%]
[2026-03-15 22:35:37] tests/test_api.py::test_health_extended PASSED                           [ 74%]
[2026-03-15 22:35:37] tests/test_api.py::test_root_includes_identity_hash PASSED               [ 77%]
[2026-03-15 22:35:37] tests/test_api.py::test_twin_decide_includes_deterministic_seed PASSED   [ 80%]
[2026-03-15 22:35:37] tests/test_api.py::test_telemetry_includes_degradation_and_drift PASSED  [ 83%]
[2026-03-15 22:35:37] tests/test_api.py::test_replication_status PASSED                        [ 87%]
[2026-03-15 22:35:37] tests/test_api.py::test_replication_nodes PASSED                         [ 90%]
[2026-03-15 22:35:37] tests/test_api.py::test_replication_register PASSED                      [ 93%]
[2026-03-15 22:35:37] tests/test_api.py::test_replication_register_missing_fields PASSED       [ 96%]
[2026-03-15 22:35:37] tests/test_api.py::test_physics_cohesion_capability_off PASSED           [100%]
[2026-03-15 22:35:37] 
[2026-03-15 22:35:37] ============================== warnings summary ===============================
[2026-03-15 22:35:37] C:\Users\supas\AppData\Local\Programs\Python\Python312\Lib\site-packages\starlette\formparsers.py:12
[2026-03-15 22:35:37]   C:\Users\supas\AppData\Local\Programs\Python\Python312\Lib\site-packages\starlette\formparsers.py:12: PendingDeprecationWarning: Please use `import python_multipart` instead.
[2026-03-15 22:35:37]     import multipart
[2026-03-15 22:35:37] 
[2026-03-15 22:35:37] -- Docs: https://docs.pytest.org/en/stable/how-to/capture-warnings.html
[2026-03-15 22:35:37] ======================== 31 passed, 1 warning in 2.52s ========================
[2026-03-15 22:35:38] State verify: FAIL; Pytest: OK
[2026-03-15 22:35:38] === GOAL: Deploy (Worker) ===
[2026-03-15 22:36:03] 
[2026-03-15 22:36:03]  Ôøà´©Å wrangler 3.114.17 (update available 4.73.0)
[2026-03-15 22:36:03] -----------------------------------------------
[2026-03-15 22:36:03] 
[2026-03-15 22:36:03] [33mÔû▓ [43;33m[[43;30mWARNING[43;33m][0m [1mThe version of Wrangler you are using is now out-of-date.[0m
[2026-03-15 22:36:03] System.Management.Automation.RemoteException
[2026-03-15 22:36:03]   Please update to the latest version to prevent critical errors.
[2026-03-15 22:36:03]   Run `npm install --save-dev wrangler@4` to update to the latest version.
[2026-03-15 22:36:03]   After installation, run Wrangler with `npx wrangler`.
[2026-03-15 22:36:03] System.Management.Automation.RemoteException
[2026-03-15 22:36:03] System.Management.Automation.RemoteException
[2026-03-15 22:36:03] Total Upload: 1.25 KiB / gzip: 0.56 KiB
[2026-03-15 22:36:03] Your worker has access to the following bindings:
[2026-03-15 22:36:03] - R2 Buckets:
[2026-03-15 22:36:03]   - BUCKET: bridge-live-wall
[2026-03-15 22:36:03] Uploaded bridge-live-wall-api (12.57 sec)
[2026-03-15 22:36:03] Deployed bridge-live-wall-api triggers (8.58 sec)
[2026-03-15 22:36:03]   api.bridge-ai-os.tech (custom domain)
[2026-03-15 22:36:03] Current Version ID: f08bd5ee-2bb5-4c63-82fb-5ab614227cf6
[2026-03-15 22:36:03] Deploy result: CHECK
[2026-03-15 22:36:03] === FULL RUN END ===
[2026-03-15 22:36:03] Result: SOME FAIL | Install=True Build=False Audit=True State=False Tests=True Deploy=False
[2026-03-15 22:36:03] Log: E:\BridgeAI\BridgeLiveWall\logs\full-install-build-deploy.log | Goals: E:\BridgeAI\BridgeLiveWall\data\goals-tasks.json
